0 verbose cli /home/rjankir/.nvm/versions/node/v24.12.0/bin/node /home/rjankir/.nvm/versions/node/v24.12.0/bin/npm
1 info using npm@11.6.2
2 info using node@v24.12.0
3 silly config load:file:/home/rjankir/.nvm/versions/node/v24.12.0/lib/node_modules/npm/npmrc
4 silly config load:file:/home/rjankir/svelte/radiusinfo/.npmrc
5 silly config load:file:/home/rjankir/.npmrc
6 silly config load:file:/home/rjankir/.nvm/versions/node/v24.12.0/etc/npmrc
7 verbose title npm install leaflet
8 verbose argv "install" "leaflet" "--save" "--cache" "/home/rjankir/svelte/radiusinfo/.npm-cache"
9 verbose logfile logs-max:10 dir:/home/rjankir/svelte/radiusinfo/.npm-cache/_logs/2026-08-24T06_22_42_674Z-
10 verbose logfile /home/rjankir/svelte/radiusinfo/.npm-cache/_logs/2026-08-24T06_22_42_674Z-debug-0.log
11 silly logfile done cleaning log files
12 silly packumentCache heap:2348810240 maxSize:587202560 maxEntrySize:293601280
13 verbose shrinkwrap failed to load node_modules/.package-lock.json out of date, updated: node_modules
14 silly idealTree buildDeps
15 silly fetch manifest leaflet@*
16 silly packumentCache full:https://registry.npmjs.org/leaflet cache-miss
17 http fetch GET 200 https://registry.npmjs.org/npm 1317ms
18 http fetch GET 200 https://registry.npmjs.org/leaflet 3906ms (cache miss)
19 silly packumentCache full:https://registry.npmjs.org/leaflet set size:undefined disposed:false
20 silly placeDep ROOT leaflet@1.9.4 OK for: radiusinfo@0.0.1 want: *
21 silly reify mark retired [
21 silly reify   '/home/rjankir/svelte/radiusinfo/node_modules/yaml',
21 silly reify   '/home/rjankir/svelte/radiusinfo/node_modules/.bin/yaml'
21 silly reify ]
22 silly reify moves {
22 silly reify   '/home/rjankir/svelte/radiusinfo/node_modules/yaml': '/home/rjankir/svelte/radiusinfo/node_modules/.yaml-8jhyhs3O',
22 silly reify   '/home/rjankir/svelte/radiusinfo/node_modules/.bin/yaml': '/home/rjankir/svelte/radiusinfo/node_modules/.bin/.yaml-PNLrAkqO'
22 silly reify }
23 silly audit bulk request {
23 silly audit   '@babel/code-frame': [ '7.29.7' ],
23 silly audit   '@babel/compat-data': [ '7.29.7' ],
23 silly audit   '@babel/core': [ '7.29.7' ],
23 silly audit   semver: [ '6.3.1', '7.8.5' ],
23 silly audit   '@babel/generator': [ '7.29.8' ],
23 silly audit   '@babel/helper-annotate-as-pure': [ '7.29.7' ],
23 silly audit   '@babel/helper-compilation-targets': [ '7.29.7' ],
23 silly audit   '@babel/helper-create-class-features-plugin': [ '7.29.7' ],
23 silly audit   '@babel/helper-globals': [ '7.29.7' ],
23 silly audit   '@babel/helper-member-expression-to-functions': [ '7.29.7' ],
23 silly audit   '@babel/helper-module-imports': [ '7.29.7' ],
23 silly audit   '@babel/helper-module-transforms': [ '7.29.7' ],
23 silly audit   '@babel/helper-optimise-call-expression': [ '7.29.7' ],
23 silly audit   '@babel/helper-plugin-utils': [ '7.29.7' ],
23 silly audit   '@babel/helper-replace-supers': [ '7.29.7' ],
23 silly audit   '@babel/helper-skip-transparent-expression-wrappers': [ '7.29.7' ],
23 silly audit   '@babel/helper-string-parser': [ '7.29.7' ],
23 silly audit   '@babel/helper-validator-identifier': [ '7.29.7' ],
23 silly audit   '@babel/helper-validator-option': [ '7.29.7' ],
23 silly audit   '@babel/helpers': [ '7.29.7' ],
23 silly audit   '@babel/parser': [ '7.29.8' ],
23 silly audit   '@babel/plugin-syntax-jsx': [ '7.29.7' ],
23 silly audit   '@babel/plugin-syntax-typescript': [ '7.29.7' ],
23 silly audit   '@babel/plugin-transform-modules-commonjs': [ '7.29.7' ],
23 silly audit   '@babel/plugin-transform-react-display-name': [ '7.29.7' ],
23 silly audit   '@babel/plugin-transform-react-jsx': [ '7.29.7' ],
23 silly audit   '@babel/plugin-transform-react-jsx-development': [ '7.29.7' ],
23 silly audit   '@babel/plugin-transform-react-pure-annotations': [ '7.29.7' ],
23 silly audit   '@babel/plugin-transform-typescript': [ '7.29.7' ],
23 silly audit   '@babel/preset-react': [ '7.29.7' ],
23 silly audit   '@babel/preset-typescript': [ '7.29.7' ],
23 silly audit   '@babel/template': [ '7.29.7' ],
23 silly audit   '@babel/traverse': [ '7.29.8' ],
23 silly audit   '@babel/types': [ '7.29.8' ],
23 silly audit   '@better-auth/core': [ '1.6.28' ],
23 silly audit   '@better-auth/drizzle-adapter': [ '1.6.28' ],
23 silly audit   '@better-auth/kysely-adapter': [ '1.6.28' ],
23 silly audit   '@better-auth/memory-adapter': [ '1.6.28' ],
23 silly audit   '@better-auth/mongo-adapter': [ '1.6.28' ],
23 silly audit   '@better-auth/prisma-adapter': [ '1.6.28' ],
23 silly audit   '@better-auth/telemetry': [ '1.6.28' ],
23 silly audit   '@better-auth/utils': [ '0.4.2', '0.5.0' ],
23 silly audit   '@better-fetch/fetch': [ '1.3.1' ],
23 silly audit   '@blazediff/core': [ '1.9.1' ],
23 silly audit   '@chevrotain/cst-dts-gen': [ '10.5.0' ],
23 silly audit   '@chevrotain/gast': [ '10.5.0' ],
23 silly audit   '@chevrotain/types': [ '10.5.0' ],
23 silly audit   '@chevrotain/utils': [ '10.5.0' ],
23 silly audit   '@clack/core': [ '1.4.3' ],
23 silly audit   '@clack/prompts': [ '1.7.0' ],
23 silly audit   '@drizzle-team/brocli': [ '0.10.2' ],
23 silly audit   '@esbuild-kit/core-utils': [ '3.3.2' ],
23 silly audit   '@esbuild/android-arm': [ '0.18.20', '0.28.2', '0.25.12' ],
23 silly audit   '@esbuild/android-arm64': [ '0.18.20', '0.28.2', '0.25.12' ],
23 silly audit   '@esbuild/android-x64': [ '0.18.20', '0.28.2', '0.25.12' ],
23 silly audit   '@esbuild/darwin-arm64': [ '0.18.20', '0.28.2', '0.25.12' ],
23 silly audit   '@esbuild/darwin-x64': [ '0.18.20', '0.28.2', '0.25.12' ],
23 silly audit   '@esbuild/freebsd-arm64': [ '0.18.20', '0.28.2', '0.25.12' ],
23 silly audit   '@esbuild/freebsd-x64': [ '0.18.20', '0.28.2', '0.25.12' ],
23 silly audit   '@esbuild/linux-arm': [ '0.18.20', '0.28.2', '0.25.12' ],
23 silly audit   '@esbuild/linux-arm64': [ '0.18.20', '0.28.2', '0.25.12' ],
23 silly audit   '@esbuild/linux-ia32': [ '0.18.20', '0.28.2', '0.25.12' ],
23 silly audit   '@esbuild/linux-loong64': [ '0.18.20', '0.28.2', '0.25.12' ],
23 silly audit   '@esbuild/linux-mips64el': [ '0.18.20', '0.28.2', '0.25.12' ],
23 silly audit   '@esbuild/linux-ppc64': [ '0.18.20', '0.28.2', '0.25.12' ],
23 silly audit   '@esbuild/linux-riscv64': [ '0.18.20', '0.28.2', '0.25.12' ],
23 silly audit   '@esbuild/linux-s390x': [ '0.18.20', '0.28.2', '0.25.12' ],
23 silly audit   '@esbuild/linux-x64': [ '0.18.20', '0.28.2', '0.25.12' ],
23 silly audit   '@esbuild/netbsd-x64': [ '0.18.20', '0.28.2', '0.25.12' ],
23 silly audit   '@esbuild/openbsd-x64': [ '0.18.20', '0.28.2', '0.25.12' ],
23 silly audit   '@esbuild/sunos-x64': [ '0.18.20', '0.28.2', '0.25.12' ],
23 silly audit   '@esbuild/win32-arm64': [ '0.18.20', '0.28.2', '0.25.12' ],
23 silly audit   '@esbuild/win32-ia32': [ '0.18.20', '0.28.2', '0.25.12' ],
23 silly audit   '@esbuild/win32-x64': [ '0.18.20', '0.28.2', '0.25.12' ],
23 silly audit   esbuild: [ '0.18.20', '0.25.12', '0.28.2' ],
23 silly audit   '@esbuild-kit/esm-loader': [ '2.6.5' ],
23 silly audit   '@esbuild/aix-ppc64': [ '0.28.2', '0.25.12' ],
23 silly audit   '@esbuild/netbsd-arm64': [ '0.28.2', '0.25.12' ],
23 silly audit   '@esbuild/openbsd-arm64': [ '0.28.2', '0.25.12' ],
23 silly audit   '@esbuild/openharmony-arm64': [ '0.28.2', '0.25.12' ],
23 silly audit   '@eslint-community/eslint-utils': [ '4.10.1' ],
23 silly audit   'eslint-visitor-keys': [ '3.4.3', '5.0.1', '4.2.1' ],
23 silly audit   '@eslint-community/regexpp': [ '4.12.2' ],
23 silly audit   '@eslint/config-array': [ '0.23.5' ],
23 silly audit   '@eslint/config-helpers': [ '0.7.0' ],
23 silly audit   '@eslint/core': [ '1.2.1' ],
23 silly audit   '@eslint/js': [ '10.0.1' ],
23 silly audit   '@eslint/object-schema': [ '3.0.5' ],
23 silly audit   '@eslint/plugin-kit': [ '0.7.2' ],
23 silly audit   '@humanfs/core': [ '0.19.2' ],
23 silly audit   '@humanfs/node': [ '0.16.8' ],
23 silly audit   '@humanfs/types': [ '0.15.0' ],
23 silly audit   '@humanwhocodes/module-importer': [ '1.0.1' ],
23 silly audit   '@humanwhocodes/retry': [ '0.4.3' ],
23 silly audit   '@isaacs/fs-minipass': [ '4.0.1' ],
23 silly audit   '@jridgewell/gen-mapping': [ '0.3.13' ],
23 silly audit   '@jridgewell/remapping': [ '2.3.5' ],
23 silly audit   '@jridgewell/resolve-uri': [ '3.1.2' ],
23 silly audit   '@jridgewell/sourcemap-codec': [ '1.5.5' ],
23 silly audit   '@jridgewell/trace-mapping': [ '0.3.31' ],
23 silly audit   '@mapbox/node-pre-gyp': [ '2.0.3' ],
23 silly audit   '@mrleebo/prisma-ast': [ '0.13.1' ],
23 silly audit   '@noble/ciphers': [ '2.3.0' ],
23 silly audit   '@noble/hashes': [ '2.3.0' ],
23 silly audit   '@opentelemetry/semantic-conventions': [ '1.43.0' ],
23 silly audit   '@oxc-project/types': [ '0.144.0' ],
23 silly audit   '@polka/url': [ '1.0.0-next.29' ],
23 silly audit   '@rolldown/binding-android-arm64': [ '1.2.4' ],
23 silly audit   '@rolldown/binding-darwin-arm64': [ '1.2.4' ],
23 silly audit   '@rolldown/binding-darwin-x64': [ '1.2.4' ],
23 silly audit   '@rolldown/binding-freebsd-x64': [ '1.2.4' ],
23 silly audit   '@rolldown/binding-linux-arm-gnueabihf': [ '1.2.4' ],
23 silly audit   '@rolldown/binding-linux-arm64-gnu': [ '1.2.4' ],
23 silly audit   '@rolldown/binding-linux-arm64-musl': [ '1.2.4' ],
23 silly audit   '@rolldown/binding-linux-ppc64-gnu': [ '1.2.4' ],
23 silly audit   '@rolldown/binding-linux-s390x-gnu': [ '1.2.4' ],
23 silly audit   '@rolldown/binding-linux-x64-gnu': [ '1.2.4' ],
23 silly audit   '@rolldown/binding-linux-x64-musl': [ '1.2.4' ],
23 silly audit   '@rolldown/binding-openharmony-arm64': [ '1.2.4' ],
23 silly audit   '@rolldown/binding-win32-arm64-msvc': [ '1.2.4' ],
23 silly audit   '@rolldown/binding-win32-x64-msvc': [ '1.2.4' ],
23 silly audit   '@rolldown/pluginutils': [ '1.0.1' ],
23 silly audit   '@rollup/pluginutils': [ '5.4.0' ],
23 silly audit   '@standard-schema/spec': [ '1.1.0' ],
23 silly audit   '@sveltejs/acorn-typescript': [ '1.0.13' ],
23 silly audit   '@sveltejs/adapter-vercel': [ '6.3.4' ],
23 silly audit   '@sveltejs/kit': [ '2.70.2' ],
23 silly audit   '@sveltejs/load-config': [ '0.2.3' ],
23 silly audit   '@sveltejs/vite-plugin-svelte': [ '7.3.0' ],
23 silly audit   'magic-string': [ '1.2.0', '0.30.21' ],
23 silly audit   '@tailwindcss/forms': [ '0.5.11' ],
23 silly audit   '@tailwindcss/node': [ '4.3.3' ],
23 silly audit   '@tailwindcss/oxide': [ '4.3.3' ],
23 silly audit   '@tailwindcss/oxide-android-arm64': [ '4.3.3' ],
23 silly audit   '@tailwindcss/oxide-darwin-arm64': [ '4.3.3' ],
23 silly audit   '@tailwindcss/oxide-darwin-x64': [ '4.3.3' ],
23 silly audit   '@tailwindcss/oxide-freebsd-x64': [ '4.3.3' ],
23 silly audit   '@tailwindcss/oxide-linux-arm-gnueabihf': [ '4.3.3' ],
23 silly audit   '@tailwindcss/oxide-linux-arm64-gnu': [ '4.3.3' ],
23 silly audit   '@tailwindcss/oxide-linux-arm64-musl': [ '4.3.3' ],
23 silly audit   '@tailwindcss/oxide-linux-x64-gnu': [ '4.3.3' ],
23 silly audit   '@tailwindcss/oxide-linux-x64-musl': [ '4.3.3' ],
23 silly audit   '@tailwindcss/oxide-wasm32-wasi': [ '4.3.3' ],
23 silly audit   '@tailwindcss/oxide-win32-arm64-msvc': [ '4.3.3' ],
23 silly audit   '@tailwindcss/oxide-win32-x64-msvc': [ '4.3.3' ],
23 silly audit   '@tailwindcss/typography': [ '0.5.20' ],
23 silly audit   '@tailwindcss/vite': [ '4.3.3' ],
23 silly audit   '@testing-library/svelte-core': [ '1.1.3' ],
23 silly audit   '@types/chai': [ '5.2.3' ],
23 silly audit   '@types/cookie': [ '0.6.0' ],
23 silly audit   '@types/deep-eql': [ '4.0.2' ],
23 silly audit   '@types/esrecurse': [ '4.3.1' ],
23 silly audit   '@types/estree': [ '1.0.9' ],
23 silly audit   '@types/json-schema': [ '7.0.15' ],
23 silly audit   '@types/node': [ '24.13.3' ],
23 silly audit   '@types/trusted-types': [ '2.0.7' ],
23 silly audit   '@typescript-eslint/eslint-plugin': [ '8.67.0' ],
23 silly audit   ignore: [ '7.0.6', '5.3.2' ],
23 silly audit   '@typescript-eslint/parser': [ '8.67.0' ],
23 silly audit   '@typescript-eslint/project-service': [ '8.67.0' ],
23 silly audit   '@typescript-eslint/scope-manager': [ '8.67.0' ],
23 silly audit   '@typescript-eslint/tsconfig-utils': [ '8.67.0' ],
23 silly audit   '@typescript-eslint/type-utils': [ '8.67.0' ],
23 silly audit   '@typescript-eslint/types': [ '8.67.0' ],
23 silly audit   '@typescript-eslint/typescript-estree': [ '8.67.0' ],
23 silly audit   '@typescript-eslint/utils': [ '8.67.0' ],
23 silly audit   '@typescript-eslint/visitor-keys': [ '8.67.0' ],
23 silly audit   '@vercel/nft': [ '1.10.2' ],
23 silly audit   '@vitest/browser': [ '4.1.10' ],
23 silly audit   '@vitest/browser-playwright': [ '4.1.10' ],
23 silly audit   '@vitest/expect': [ '4.1.10' ],
23 silly audit   '@vitest/mocker': [ '4.1.10' ],
23 silly audit   'estree-walker': [ '3.0.3', '2.0.2' ],
23 silly audit   '@vitest/pretty-format': [ '4.1.10' ],
23 silly audit   '@vitest/runner': [ '4.1.10' ],
23 silly audit   '@vitest/snapshot': [ '4.1.10' ],
23 silly audit   '@vitest/spy': [ '4.1.10' ],
23 silly audit   '@vitest/utils': [ '4.1.10' ],
23 silly audit   abbrev: [ '3.0.1' ],
23 silly audit   acorn: [ '8.18.0' ],
23 silly audit   'acorn-import-attributes': [ '1.9.5' ],
23 silly audit   'acorn-jsx': [ '5.3.2' ],
23 silly audit   'agent-base': [ '7.1.4' ],
23 silly audit   ajv: [ '6.15.0' ],
23 silly audit   'aria-query': [ '5.3.1' ],
23 silly audit   'assertion-error': [ '2.0.1' ],
23 silly audit   'async-sema': [ '3.1.1' ],
23 silly audit   auth: [ '1.6.28' ],
23 silly audit   'axobject-query': [ '4.1.0' ],
23 silly audit   'balanced-match': [ '4.0.4' ],
23 silly audit   'baseline-browser-mapping': [ '2.11.14' ],
23 silly audit   'better-auth': [ '1.6.28' ],
23 silly audit   'better-call': [ '1.4.0' ],
23 silly audit   bindings: [ '1.5.0' ],
23 silly audit   'brace-expansion': [ '5.0.9' ],
23 silly audit   browserslist: [ '4.28.8' ],
23 silly audit   'buffer-from': [ '1.1.2' ],
23 silly audit   'bundle-name': [ '4.1.0' ],
23 silly audit   c12: [ '3.3.4' ],
23 silly audit   'caniuse-lite': [ '1.0.30001809' ],
23 silly audit   chai: [ '6.2.2' ],
23 silly audit   chalk: [ '5.6.2' ],
23 silly audit   chevrotain: [ '10.5.0' ],
23 silly audit   chokidar: [ '5.0.0', '4.0.3' ],
23 silly audit   chownr: [ '3.0.0' ],
23 silly audit   clsx: [ '2.1.1' ],
23 silly audit   commander: [ '12.1.0' ],
23 silly audit   confbox: [ '0.2.4' ],
23 silly audit   consola: [ '3.4.2' ],
23 silly audit   'convert-source-map': [ '2.0.0' ],
23 silly audit   cookie: [ '0.6.0' ],
23 silly audit   'cross-spawn': [ '7.0.6' ],
23 silly audit   cssesc: [ '3.0.0' ],
23 silly audit   debug: [ '4.4.3' ],
23 silly audit   'deep-is': [ '0.1.4' ],
23 silly audit   deepmerge: [ '4.3.1' ],
23 silly audit   'default-browser': [ '5.5.0' ],
23 silly audit   'default-browser-id': [ '5.0.1' ],
23 silly audit   'define-lazy-prop': [ '3.0.0' ],
23 silly audit   defu: [ '6.1.7' ],
23 silly audit   destr: [ '2.0.5' ],
23 silly audit   'detect-libc': [ '2.1.2' ],
23 silly audit   devalue: [ '5.9.0' ],
23 silly audit   dotenv: [ '17.4.2' ],
23 silly audit   'drizzle-kit': [ '0.31.10' ],
23 silly audit   'drizzle-orm': [ '0.45.2' ],
23 silly audit   'electron-to-chromium': [ '1.5.406' ],
23 silly audit   'enhanced-resolve': [ '5.24.5' ],
23 silly audit   'es-module-lexer': [ '2.3.1' ],
23 silly audit   escalade: [ '3.2.0' ],
23 silly audit   'escape-string-regexp': [ '4.0.0' ],
23 silly audit   eslint: [ '10.8.1' ],
23 silly audit   'eslint-config-prettier': [ '10.1.8' ],
23 silly audit   'eslint-plugin-svelte': [ '3.23.0' ],
23 silly audit   globals: [ '16.5.0', '17.11.0' ],
23 silly audit   'eslint-scope': [ '9.1.2', '8.4.0' ],
23 silly audit   'esm-env': [ '1.2.2' ],
23 silly audit   espree: [ '11.2.0', '10.4.0' ],
23 silly audit   esquery: [ '1.7.0' ],
23 silly audit   esrap: [ '2.3.3' ],
23 silly audit   esrecurse: [ '4.3.0' ],
23 silly audit   estraverse: [ '5.3.0' ],
23 silly audit   esutils: [ '2.0.3' ],
23 silly audit   'expect-type': [ '1.4.0' ],
23 silly audit   exsolve: [ '1.1.1' ],
23 silly audit   'fast-deep-equal': [ '3.1.3' ],
23 silly audit   'fast-json-stable-stringify': [ '2.1.0' ],
23 silly audit   'fast-levenshtein': [ '2.0.6' ],
23 silly audit   'fast-string-truncated-width': [ '3.0.3' ],
23 silly audit   'fast-string-width': [ '3.0.2' ],
23 silly audit   'fast-wrap-ansi': [ '0.2.2' ],
23 silly audit   fdir: [ '6.5.0' ],
23 silly audit   'file-entry-cache': [ '8.0.0' ],
23 silly audit   'file-uri-to-path': [ '1.0.0' ],
23 silly audit   'find-up': [ '5.0.0' ],
23 silly audit   'flat-cache': [ '4.0.1' ],
23 silly audit   flatted: [ '3.4.4' ],
23 silly audit   fsevents: [ '2.3.2', '2.3.3' ],
23 silly audit   gensync: [ '1.0.0-beta.2' ],
23 silly audit   'get-tsconfig': [ '4.14.2' ],
23 silly audit   giget: [ '3.3.1' ],
23 silly audit   glob: [ '13.0.6' ],
23 silly audit   'glob-parent': [ '6.0.2' ],
23 silly audit   'graceful-fs': [ '4.2.11' ],
23 silly audit   'https-proxy-agent': [ '7.0.6' ],
23 silly audit   imurmurhash: [ '0.1.4' ],
23 silly audit   'is-docker': [ '3.0.0' ],
23 silly audit   'is-extglob': [ '2.1.1' ],
23 silly audit   'is-glob': [ '4.0.3' ],
23 silly audit   'is-inside-container': [ '1.0.0' ],
23 silly audit   'is-reference': [ '3.0.3' ],
23 silly audit   'is-wsl': [ '3.1.1' ],
23 silly audit   isexe: [ '2.0.0' ],
23 silly audit   jiti: [ '2.7.0' ],
23 silly audit   jose: [ '6.2.8' ],
23 silly audit   'js-tokens': [ '4.0.0' ],
23 silly audit   jsesc: [ '3.1.0' ],
23 silly audit   'json-buffer': [ '3.0.1' ],
23 silly audit   'json-schema-traverse': [ '0.4.1' ],
23 silly audit   'json-stable-stringify-without-jsonify': [ '1.0.1' ],
23 silly audit   json5: [ '2.2.3' ],
23 silly audit   keyv: [ '4.5.4' ],
23 silly audit   kleur: [ '4.1.5', '3.0.3' ],
23 silly audit   'known-css-properties': [ '0.37.0' ],
23 silly audit   kysely: [ '0.29.5' ],
23 silly audit   levn: [ '0.4.1' ],
23 silly audit   lightningcss: [ '1.32.0', '1.33.0' ],
23 silly audit   'lightningcss-android-arm64': [ '1.32.0', '1.33.0' ],
23 silly audit   'lightningcss-darwin-arm64': [ '1.32.0', '1.33.0' ],
23 silly audit   'lightningcss-darwin-x64': [ '1.32.0', '1.33.0' ],
23 silly audit   'lightningcss-freebsd-x64': [ '1.32.0', '1.33.0' ],
23 silly audit   'lightningcss-linux-arm-gnueabihf': [ '1.32.0', '1.33.0' ],
23 silly audit   'lightningcss-linux-arm64-gnu': [ '1.32.0', '1.33.0' ],
23 silly audit   'lightningcss-linux-arm64-musl': [ '1.32.0', '1.33.0' ],
23 silly audit   'lightningcss-linux-x64-gnu': [ '1.32.0', '1.33.0' ],
23 silly audit   'lightningcss-linux-x64-musl': [ '1.32.0', '1.33.0' ],
23 silly audit   'lightningcss-win32-arm64-msvc': [ '1.32.0', '1.33.0' ],
23 silly audit   'lightningcss-win32-x64-msvc': [ '1.32.0', '1.33.0' ],
23 silly audit   lilconfig: [ '2.1.0' ],
23 silly audit   'locate-character': [ '3.0.0' ],
23 silly audit   'locate-path': [ '6.0.0' ],
23 silly audit   lodash: [ '4.17.21' ],
23 silly audit   'lru-cache': [ '5.1.1', '11.5.2' ],
23 silly audit   'mini-svg-data-uri': [ '1.4.4' ],
23 silly audit   minimatch: [ '10.2.6' ],
23 silly audit   minipass: [ '7.1.3' ],
23 silly audit   minizlib: [ '3.1.0' ],
23 silly audit   mri: [ '1.2.0' ],
23 silly audit   mrmime: [ '2.0.1' ],
23 silly audit   ms: [ '2.1.3' ],
23 silly audit   nanoid: [ '3.3.18' ],
23 silly audit   nanostores: [ '1.4.2' ],
23 silly audit   'natural-compare': [ '1.4.0' ],
23 silly audit   'node-fetch': [ '2.7.0' ],
23 silly audit   'node-gyp-build': [ '4.8.4' ],
23 silly audit   'node-releases': [ '2.0.53' ],
23 silly audit   nopt: [ '8.1.0' ],
23 silly audit   obug: [ '2.1.4' ],
23 silly audit   ohash: [ '2.0.11' ],
23 silly audit   open: [ '10.2.0' ],
23 silly audit   optionator: [ '0.9.4' ],
23 silly audit   'p-limit': [ '3.1.0' ],
23 silly audit   'p-locate': [ '5.0.0' ],
23 silly audit   'path-exists': [ '4.0.0' ],
23 silly audit   'path-key': [ '3.1.1' ],
23 silly audit   'path-scurry': [ '2.0.2' ],
23 silly audit   pathe: [ '2.0.3' ],
23 silly audit   'perfect-debounce': [ '2.1.0' ],
23 silly audit   picocolors: [ '1.1.1' ],
23 silly audit   picomatch: [ '4.0.5' ],
23 silly audit   'pkg-types': [ '2.3.1' ],
23 silly audit   playwright: [ '1.62.1' ],
23 silly audit   'playwright-core': [ '1.62.1' ],
23 silly audit   pngjs: [ '7.0.0' ],
23 silly audit   postcss: [ '8.5.26' ],
23 silly audit   'postcss-load-config': [ '3.1.4' ],
23 silly audit   yaml: [ '1.10.3' ],
23 silly audit   'postcss-safe-parser': [ '7.0.1' ],
23 silly audit   'postcss-scss': [ '4.0.9' ],
23 silly audit   'postcss-selector-parser': [ '6.0.10', '7.1.5' ],
23 silly audit   postgres: [ '3.4.9' ],
23 silly audit   'prelude-ls': [ '1.2.1' ],
23 silly audit   prettier: [ '3.9.6' ],
23 silly audit   'prettier-plugin-svelte': [ '4.1.1' ],
23 silly audit   'prettier-plugin-tailwindcss': [ '0.8.1' ],
23 silly audit   prompts: [ '2.4.2' ],
23 silly audit   punycode: [ '2.3.1' ],
23 silly audit   rc9: [ '3.0.1' ],
23 silly audit   readdirp: [ '5.1.1', '4.1.2' ],
23 silly audit   'regexp-to-ast': [ '0.5.0' ],
23 silly audit   'resolve-from': [ '5.0.0' ],
23 silly audit   'resolve-pkg-maps': [ '1.0.0' ],
23 silly audit   rolldown: [ '1.2.4' ],
23 silly audit   rou3: [ '0.9.2' ],
23 silly audit   'run-applescript': [ '7.1.0' ],
23 silly audit   sade: [ '1.8.1' ],
23 silly audit   'set-cookie-parser': [ '3.1.2' ],
23 silly audit   'shebang-command': [ '2.0.0' ],
23 silly audit   'shebang-regex': [ '3.0.0' ],
23 silly audit   siginfo: [ '2.0.0' ],
23 silly audit   sirv: [ '3.0.2' ],
23 silly audit   sisteransi: [ '1.0.5' ],
23 silly audit   'source-map': [ '0.6.1' ],
23 silly audit   'source-map-js': [ '1.2.1' ],
23 silly audit   'source-map-support': [ '0.5.21' ],
23 silly audit   stackback: [ '0.0.2' ],
23 silly audit   'std-env': [ '4.2.0' ],
23 silly audit   svelte: [ '5.56.9' ],
23 silly audit   'svelte-check': [ '4.7.6' ],
23 silly audit   'svelte-eslint-parser': [ '1.8.0' ],
23 silly audit   tailwindcss: [ '4.3.3' ],
23 silly audit   tapable: [ '2.3.3' ],
23 silly audit   tar: [ '7.5.22' ],
23 silly audit   yallist: [ '5.0.0', '3.1.1' ],
23 silly audit   tinybench: [ '2.9.0' ],
23 silly audit   tinyexec: [ '1.3.0' ],
23 silly audit   tinyglobby: [ '0.2.17' ],
23 silly audit   tinyrainbow: [ '3.1.1' ],
23 silly audit   totalist: [ '3.0.1' ],
23 silly audit   tr46: [ '0.0.3' ],
23 silly audit   'ts-api-utils': [ '2.5.0' ],
23 silly audit   tsx: [ '4.23.12' ],
23 silly audit   'type-check': [ '0.4.0' ],
23 silly audit   typescript: [ '6.0.3' ],
23 silly audit   'typescript-eslint': [ '8.67.0' ],
23 silly audit   'undici-types': [ '7.18.2' ],
23 silly audit   'update-browserslist-db': [ '1.3.1' ],
23 silly audit   'uri-js': [ '4.4.1' ],
23 silly audit   'util-deprecate': [ '1.0.2' ],
23 silly audit   vite: [ '8.2.1' ],
23 silly audit   vitefu: [ '1.1.3' ],
23 silly audit   vitest: [ '4.1.10' ],
23 silly audit   'vitest-browser-svelte': [ '2.2.1' ],
23 silly audit   'webidl-conversions': [ '3.0.1' ],
23 silly audit   'whatwg-url': [ '5.0.0' ],
23 silly audit   which: [ '2.0.2' ],
23 silly audit   'why-is-node-running': [ '2.3.0' ],
23 silly audit   'word-wrap': [ '1.2.5' ],
23 silly audit   ws: [ '8.21.3' ],
23 silly audit   'wsl-utils': [ '0.1.0' ],
23 silly audit   'yocto-queue': [ '0.1.0' ],
23 silly audit   'yocto-spinner': [ '0.2.3' ],
23 silly audit   yoctocolors: [ '2.2.0' ],
23 silly audit   zimmerframe: [ '1.1.4' ],
23 silly audit   zod: [ '4.4.3' ],
23 silly audit   leaflet: [ '1.9.4' ]
23 silly audit }
24 http cache leaflet@https://registry.npmjs.org/leaflet/-/leaflet-1.9.4.tgz 1ms (cache hit)
25 http cache lightningcss-linux-x64-musl@https://registry.npmjs.org/lightningcss-linux-x64-musl/-/lightningcss-linux-x64-musl-1.32.0.tgz 0ms (cache hit)
26 http cache @tailwindcss/oxide-linux-x64-musl@https://registry.npmjs.org/@tailwindcss/oxide-linux-x64-musl/-/oxide-linux-x64-musl-4.3.3.tgz 0ms (cache hit)
27 http cache @rolldown/binding-linux-x64-musl@https://registry.npmjs.org/@rolldown/binding-linux-x64-musl/-/binding-linux-x64-musl-1.2.4.tgz 0ms (cache hit)
28 http cache lightningcss-linux-x64-musl@https://registry.npmjs.org/lightningcss-linux-x64-musl/-/lightningcss-linux-x64-musl-1.33.0.tgz 0ms (cache hit)
29 silly tarball no local data for leaflet@https://registry.npmjs.org/leaflet/-/leaflet-1.9.4.tgz. Extracting by manifest.
30 silly tarball no local data for lightningcss-linux-x64-musl@https://registry.npmjs.org/lightningcss-linux-x64-musl/-/lightningcss-linux-x64-musl-1.32.0.tgz. Extracting by manifest.
31 silly tarball no local data for @tailwindcss/oxide-linux-x64-musl@https://registry.npmjs.org/@tailwindcss/oxide-linux-x64-musl/-/oxide-linux-x64-musl-4.3.3.tgz. Extracting by manifest.
32 silly tarball no local data for @rolldown/binding-linux-x64-musl@https://registry.npmjs.org/@rolldown/binding-linux-x64-musl/-/binding-linux-x64-musl-1.2.4.tgz. Extracting by manifest.
33 silly tarball no local data for lightningcss-linux-x64-musl@https://registry.npmjs.org/lightningcss-linux-x64-musl/-/lightningcss-linux-x64-musl-1.33.0.tgz. Extracting by manifest.
34 http fetch POST 200 https://registry.npmjs.org/-/npm/v1/security/advisories/bulk 269ms
35 silly audit report {
35 silly audit report   esbuild: [
35 silly audit report     {
35 silly audit report       id: 1102341,
35 silly audit report       url: 'https://github.com/advisories/GHSA-67mh-4wv8-2f99',
35 silly audit report       title: 'esbuild enables any website to send any requests to the development server and read the response',
35 silly audit report       severity: 'moderate',
35 silly audit report       vulnerable_versions: '<=0.24.2',
35 silly audit report       cwe: [Array],
35 silly audit report       cvss: [Object]
35 silly audit report     }
35 silly audit report   ],
35 silly audit report   cookie: [
35 silly audit report     {
35 silly audit report       id: 1103907,
35 silly audit report       url: 'https://github.com/advisories/GHSA-pxg6-pf52-xh8x',
35 silly audit report       title: 'cookie accepts cookie name, path, and domain with out of bounds characters',
35 silly audit report       severity: 'low',
35 silly audit report       vulnerable_versions: '<0.7.0',
35 silly audit report       cwe: [Array],
35 silly audit report       cvss: [Object]
35 silly audit report     }
35 silly audit report   ],
35 silly audit report   lodash: [
35 silly audit report     {
35 silly audit report       id: 1120370,
35 silly audit report       url: 'https://github.com/advisories/GHSA-xxjr-mmjv-4gpg',
35 silly audit report       title: 'Lodash has Prototype Pollution Vulnerability in `_.unset` and `_.omit` functions',
35 silly audit report       severity: 'moderate',
35 silly audit report       vulnerable_versions: '>=4.0.0 <=4.17.22',
35 silly audit report       cwe: [Array],
35 silly audit report       cvss: [Object]
35 silly audit report     },
35 silly audit report     {
35 silly audit report       id: 1115806,
35 silly audit report       url: 'https://github.com/advisories/GHSA-r5fr-rjxr-66jc',
35 silly audit report       title: 'lodash vulnerable to Code Injection via `_.template` imports key names',
35 silly audit report       severity: 'high',
35 silly audit report       vulnerable_versions: '>=4.0.0 <=4.17.23',
35 silly audit report       cwe: [Array],
35 silly audit report       cvss: [Object]
35 silly audit report     },
35 silly audit report     {
35 silly audit report       id: 1115810,
35 silly audit report       url: 'https://github.com/advisories/GHSA-f23m-r3pf-42rh',
35 silly audit report       title: 'lodash vulnerable to Prototype Pollution via array path bypass in `_.unset` and `_.omit`',
35 silly audit report       severity: 'moderate',
35 silly audit report       vulnerable_versions: '<=4.17.23',
35 silly audit report       cwe: [Array],
35 silly audit report       cvss: [Object]
35 silly audit report     }
35 silly audit report   ]
35 silly audit report }
36 silly packumentCache corgi:https://registry.npmjs.org/esbuild cache-miss
37 silly packumentCache corgi:https://registry.npmjs.org/cookie cache-miss
38 silly packumentCache corgi:https://registry.npmjs.org/lodash cache-miss
39 http fetch GET 200 https://registry.npmjs.org/cookie 479ms (cache miss)
40 silly packumentCache corgi:https://registry.npmjs.org/cookie set size:undefined disposed:false
41 http fetch GET 200 https://registry.npmjs.org/lodash 531ms (cache miss)
42 silly packumentCache corgi:https://registry.npmjs.org/lodash set size:undefined disposed:false
43 http fetch GET 200 https://registry.npmjs.org/esbuild 722ms (cache miss)
44 silly packumentCache corgi:https://registry.npmjs.org/esbuild set size:undefined disposed:false
45 silly packumentCache corgi:https://registry.npmjs.org/@esbuild-kit%2fcore-utils cache-miss
46 http fetch GET 200 https://registry.npmjs.org/@esbuild-kit%2fcore-utils 165ms (cache miss)
47 silly packumentCache corgi:https://registry.npmjs.org/@esbuild-kit%2fcore-utils set size:undefined disposed:false
48 silly packumentCache corgi:https://registry.npmjs.org/@sveltejs%2fkit cache-miss
49 http fetch GET 200 https://registry.npmjs.org/@tailwindcss/oxide-linux-x64-musl/-/oxide-linux-x64-musl-4.3.3.tgz 1545ms (cache miss)
50 http fetch GET 200 https://registry.npmjs.org/leaflet/-/leaflet-1.9.4.tgz 2016ms (cache miss)
51 http fetch GET 200 https://registry.npmjs.org/lightningcss-linux-x64-musl/-/lightningcss-linux-x64-musl-1.33.0.tgz 2148ms (cache miss)
52 http fetch GET 200 https://registry.npmjs.org/@sveltejs%2fkit 1064ms (cache miss)
53 silly packumentCache corgi:https://registry.npmjs.org/@sveltejs%2fkit set size:undefined disposed:false
54 silly packumentCache corgi:https://registry.npmjs.org/@chevrotain%2fcst-dts-gen cache-miss
55 silly packumentCache corgi:https://registry.npmjs.org/@chevrotain%2fgast cache-miss
56 silly packumentCache corgi:https://registry.npmjs.org/chevrotain cache-miss
57 http fetch GET 200 https://registry.npmjs.org/@chevrotain%2fgast 75ms (cache miss)
58 silly packumentCache corgi:https://registry.npmjs.org/@chevrotain%2fgast set size:undefined disposed:false
59 http fetch GET 200 https://registry.npmjs.org/@chevrotain%2fcst-dts-gen 288ms (cache miss)
60 silly packumentCache corgi:https://registry.npmjs.org/@chevrotain%2fcst-dts-gen set size:undefined disposed:false
61 http fetch GET 200 https://registry.npmjs.org/chevrotain 315ms (cache miss)
62 silly packumentCache corgi:https://registry.npmjs.org/chevrotain set size:undefined disposed:false
63 silly packumentCache corgi:https://registry.npmjs.org/@esbuild-kit%2fesm-loader cache-miss
64 http fetch GET 200 https://registry.npmjs.org/@esbuild-kit%2fesm-loader 65ms (cache miss)
65 silly packumentCache corgi:https://registry.npmjs.org/@esbuild-kit%2fesm-loader set size:undefined disposed:false
66 silly packumentCache corgi:https://registry.npmjs.org/@sveltejs%2fadapter-vercel cache-miss
67 silly packumentCache corgi:https://registry.npmjs.org/better-auth cache-miss
68 http fetch GET 200 https://registry.npmjs.org/better-auth 387ms (cache miss)
69 silly packumentCache corgi:https://registry.npmjs.org/better-auth set size:undefined disposed:false
70 http fetch GET 200 https://registry.npmjs.org/lightningcss-linux-x64-musl/-/lightningcss-linux-x64-musl-1.32.0.tgz 3881ms (cache miss)
71 http fetch GET 200 https://registry.npmjs.org/@sveltejs%2fadapter-vercel 866ms (cache miss)
72 silly packumentCache corgi:https://registry.npmjs.org/@sveltejs%2fadapter-vercel set size:undefined disposed:false
73 silly packumentCache corgi:https://registry.npmjs.org/@mrleebo%2fprisma-ast cache-miss
74 http fetch GET 200 https://registry.npmjs.org/@mrleebo%2fprisma-ast 244ms (cache miss)
75 silly packumentCache corgi:https://registry.npmjs.org/@mrleebo%2fprisma-ast set size:undefined disposed:false
76 silly packumentCache corgi:https://registry.npmjs.org/drizzle-kit cache-miss
77 http fetch GET 200 https://registry.npmjs.org/drizzle-kit 176ms (cache miss)
78 silly packumentCache corgi:https://registry.npmjs.org/drizzle-kit set size:undefined disposed:false
79 silly packumentCache corgi:https://registry.npmjs.org/auth cache-miss
80 http fetch GET 200 https://registry.npmjs.org/@rolldown/binding-linux-x64-musl/-/binding-linux-x64-musl-1.2.4.tgz 5283ms (cache miss)
81 http fetch GET 200 https://registry.npmjs.org/auth 1182ms (cache miss)
82 silly packumentCache corgi:https://registry.npmjs.org/auth set size:undefined disposed:false
83 silly ADD node_modules/leaflet
84 silly ADD node_modules/lightningcss-linux-x64-musl
85 silly ADD node_modules/@tailwindcss/oxide-linux-x64-musl
86 silly ADD node_modules/@rolldown/binding-linux-x64-musl
87 silly REMOVE node_modules/yaml
88 silly ADD node_modules/vite/node_modules/lightningcss-linux-x64-musl
89 verbose cwd /home/rjankir/svelte/radiusinfo
90 verbose os Linux 6.1.0-52-amd64
91 verbose node v24.12.0
92 verbose npm  v11.6.2
93 notice
93 notice New minor version of npm available! 11.6.2 -> 11.19.0
93 notice Changelog: https://github.com/npm/cli/releases/tag/v11.19.0
93 notice To update run: npm install -g npm@11.19.0
93 notice  { force: true, Symbol(proc-log.meta): true }
94 verbose exit 0
95 info ok
